// Vitest Snapshot v1, https://vitest.dev/guide/snapshot.html

exports[`InitForm Snapshots > should match initial render snapshot 1`] = `
<div
  class="form"
>
  <div
    class="form-element"
  >
    <label
      class="label"
      for="grid-size"
    >
      <svg
        aria-hidden="true"
        class="lucide lucide-grid2x2 lucide-grid-2x2"
        fill="none"
        height="24"
        stroke="currentColor"
        stroke-linecap="round"
        stroke-linejoin="round"
        stroke-width="2"
        viewBox="0 0 24 24"
        width="24"
        xmlns="http://www.w3.org/2000/svg"
      >
        <path
          d="M12 3v18"
        />
        <path
          d="M3 12h18"
        />
        <rect
          height="18"
          rx="2"
          width="18"
          x="3"
          y="3"
        />
      </svg>
       
      <span>
        Type the grid size (g -&gt; 2 &lt; g ≤ 10):
      </span>
       
    </label>
    <input
      class="input"
      id="grid-size"
      name="grid-size"
      placeholder="Type the grid size here..."
      type="number"
    />
  </div>
  <div
    class="form-element"
  >
    <label
      class="label"
      for="player-number"
    >
      <svg
        aria-hidden="true"
        class="lucide lucide-users"
        fill="none"
        height="24"
        stroke="currentColor"
        stroke-linecap="round"
        stroke-linejoin="round"
        stroke-width="2"
        viewBox="0 0 24 24"
        width="24"
        xmlns="http://www.w3.org/2000/svg"
      >
        <path
          d="M16 21v-2a4 4 0 0 0-4-4H6a4 4 0 0 0-4 4v2"
        />
        <path
          d="M16 3.128a4 4 0 0 1 0 7.744"
        />
        <path
          d="M22 21v-2a4 4 0 0 0-3-3.87"
        />
        <circle
          cx="9"
          cy="7"
          r="4"
        />
      </svg>
       
      <span>
        Type the number of Players (&gt; 1):
      </span>
       
    </label>
    <input
      class="input"
      id="player-number"
      name="player-number"
      placeholder="Type the number of players here..."
      type="number"
    />
  </div>
  <button>
    Start Game
  </button>
</div>
`;

exports[`InitForm Snapshots > should match snapshot with form validation state > form-initial-state 1`] = `
<div
  class="form"
>
  <div
    class="form-element"
  >
    <label
      class="label"
      for="grid-size"
    >
      <svg
        aria-hidden="true"
        class="lucide lucide-grid2x2 lucide-grid-2x2"
        fill="none"
        height="24"
        stroke="currentColor"
        stroke-linecap="round"
        stroke-linejoin="round"
        stroke-width="2"
        viewBox="0 0 24 24"
        width="24"
        xmlns="http://www.w3.org/2000/svg"
      >
        <path
          d="M12 3v18"
        />
        <path
          d="M3 12h18"
        />
        <rect
          height="18"
          rx="2"
          width="18"
          x="3"
          y="3"
        />
      </svg>
       
      <span>
        Type the grid size (g -&gt; 2 &lt; g ≤ 10):
      </span>
       
    </label>
    <input
      class="input"
      id="grid-size"
      name="grid-size"
      placeholder="Type the grid size here..."
      type="number"
    />
  </div>
  <div
    class="form-element"
  >
    <label
      class="label"
      for="player-number"
    >
      <svg
        aria-hidden="true"
        class="lucide lucide-users"
        fill="none"
        height="24"
        stroke="currentColor"
        stroke-linecap="round"
        stroke-linejoin="round"
        stroke-width="2"
        viewBox="0 0 24 24"
        width="24"
        xmlns="http://www.w3.org/2000/svg"
      >
        <path
          d="M16 21v-2a4 4 0 0 0-4-4H6a4 4 0 0 0-4 4v2"
        />
        <path
          d="M16 3.128a4 4 0 0 1 0 7.744"
        />
        <path
          d="M22 21v-2a4 4 0 0 0-3-3.87"
        />
        <circle
          cx="9"
          cy="7"
          r="4"
        />
      </svg>
       
      <span>
        Type the number of Players (&gt; 1):
      </span>
       
    </label>
    <input
      class="input"
      id="player-number"
      name="player-number"
      placeholder="Type the number of players here..."
      type="number"
    />
  </div>
  <button>
    Start Game
  </button>
</div>
`;
